import React from 'react';
import { render } from '@testing-library/react';
import MyComponent from './MyComponent';

describe('MyComponent', () => {
  it('should match snapshot', () => {
    const { container } = render(<MyComponent />);
    expect(container).toMatchSnapshot();
  });
});
